<div class="d-1of2">
	<div class="llms-reporting-widget test-g" id="test-g">
				<div class="llms-reporting-widget-data">
			<strong>January 1, 2022</strong>
					</div>
		<small>Test Letter G</small>
	</div>
</div>