<div class="d-1of2">
	<div class="llms-reporting-widget test-c" id="test-c">
					<i class="fa fa-mocking-bird" aria-hidden="true"></i>
				<div class="llms-reporting-widget-data">
			<strong>9328320.952</strong>
					</div>
		<small>Test Letter C</small>
	</div>
</div>