<div class="d-1of2">
	<div class="llms-reporting-widget test-a" id="test-a">
					<i class="fa fa-mocking-bird" aria-hidden="true"></i>
				<div class="llms-reporting-widget-data">
			<strong>123</strong>
							<small class="compare tooltip negative" title="Previously 456">
					-270.73%
				</small>
					</div>
		<small>Test Letter A</small>
	</div>
</div>