// Jest Snapshot v1, https://goo.gl/fbAQLP

exports[`Spinner: public API get() Autoload styles 1`] = `"<style id=\\"llms-spinner-styles\\"> .llms-spinning { background: rgba( 250, 250, 250, 0.7 ); bottom: 0; display: none; left: 0; position: absolute; right: 0; top: 0; z-index: 2; } .llms-spinner { animation: llms-spinning 1.5s linear infinite; box-sizing: border-box; border: 4px solid #313131; border-radius: 50%; height: 40px; left: 50%; margin-left: -20px; margin-top: -20px; position: absolute; top: 50%; width: 40px; } .llms-spinner.small { border-width: 2px; height: 20px; margin-left: -10px; margin-top: -10px; width: 20px; } @keyframes llms-spinning { 0% { transform: rotate( 0deg ) } 50% { border-radius: 5%; } 100% { transform: rotate( 220deg) } }</style>"`;

exports[`Spinner: public API get() Create and return 1`] = `"<div class=\\"abc\\"><div class=\\"llms-spinning\\"><i class=\\"llms-spinner default\\" role=\\"alert\\" aria-live=\\"assertive\\"><span class=\\"screen-reader-text\\">Loading…</span></i></div></div>"`;

exports[`Spinner: public API get() Create and return 2`] = `
<div
  class="llms-spinning"
>
  <i
    aria-live="assertive"
    class="llms-spinner small"
    role="alert"
  >
    <span
      class="screen-reader-text"
    >
      Loading…
    </span>
  </i>
</div>
`;

exports[`Spinner: public API get() Create and return 3`] = `"<div class=\\"abc\\"><div class=\\"llms-spinning\\"><i class=\\"llms-spinner default\\" role=\\"alert\\" aria-live=\\"assertive\\"><span class=\\"screen-reader-text\\">Loading…</span></i></div></div><div class=\\"llms-spinning\\"><i class=\\"llms-spinner small\\" role=\\"alert\\" aria-live=\\"assertive\\"><span class=\\"screen-reader-text\\">Loading…</span></i></div>"`;

exports[`Spinner: public API get() Create small size 1`] = `"<div class=\\"abc\\"><div class=\\"llms-spinning\\"><i class=\\"llms-spinner small\\" role=\\"alert\\" aria-live=\\"assertive\\"><span class=\\"screen-reader-text\\">Loading…</span></i></div></div>"`;

exports[`Spinner: public API start() and stop() 1`] = `"<div class=\\"abc xyz\\"><div class=\\"llms-spinning\\" style=\\"display: block;\\"><i class=\\"llms-spinner default\\" role=\\"alert\\" aria-live=\\"assertive\\"><span class=\\"screen-reader-text\\">Loading…</span></i></div></div><div class=\\"def xyz\\"><div class=\\"llms-spinning\\" style=\\"display: block;\\"><i class=\\"llms-spinner default\\" role=\\"alert\\" aria-live=\\"assertive\\"><span class=\\"screen-reader-text\\">Loading…</span></i></div></div>"`;

exports[`Spinner: public API start() and stop() 2`] = `"<div class=\\"abc xyz\\"><div class=\\"llms-spinning\\" style=\\"display: none;\\"><i class=\\"llms-spinner default\\" role=\\"alert\\" aria-live=\\"assertive\\"><span class=\\"screen-reader-text\\">Loading…</span></i></div></div><div class=\\"def xyz\\"><div class=\\"llms-spinning\\" style=\\"display: none;\\"><i class=\\"llms-spinner default\\" role=\\"alert\\" aria-live=\\"assertive\\"><span class=\\"screen-reader-text\\">Loading…</span></i></div></div>"`;
